// Jest Snapshot v1, https://goo.gl/fbAQLP

exports[`Root Component Tests Matches Rendered SnapShot 1`] = `
<button
  className="nwc-btn nwc-close "
  tabIndex="0"
>
  Ã—
</button>
`;

exports[`Root Component Tests Matches Shallow SnapShot 1`] = `
<Close
  className=""
/>
`;
